../Core/Src/audio.c:80:6:testSDCard	1200	static
../Core/Src/audio.c:166:6:test_speaker	2016	static
../Core/Src/audio.c:189:6:testMicData	8	static
../Core/Src/audio.c:194:6:SDListFiles	1208	static
../Core/Src/audio.c:236:6:sd_card_init	8	static
../Core/Src/audio.c:247:6:start_recording	24	static
../Core/Src/audio.c:295:6:write2wave_file	24	static
../Core/Src/audio.c:322:6:stop_recording	16	static
../Core/Src/audio.c:353:6:handle_recording_main	8	static
../Core/Src/audio.c:393:6:SDcardPlaySetup	96	static
../Core/Src/audio.c:542:6:handleSDCardPlayback	16	static
