../Core/Src/main.c:108:6:HAL_GPIO_EXTI_Callback	48	static
../Core/Src/main.c:121:5:_write	24	static
../Core/Src/main.c:131:6:sd_card_init	8	static
../Core/Src/main.c:203:6:start_recording	24	static
../Core/Src/main.c:253:6:write2wave_file	24	static
../Core/Src/main.c:280:6:stop_recording	16	static
../Core/Src/main.c:316:6:testSDCard	1200	static
../Core/Src/main.c:403:6:test_speaker	2016	static
../Core/Src/main.c:425:6:SDcardPlaySetup	88	static
../Core/Src/main.c:561:6:handleSDCardPlayback	16	static
../Core/Src/main.c:600:5:main	8	static
../Core/Src/main.c:715:6:SystemClock_Config	88	static
../Core/Src/main.c:761:6:PeriphCommonClock_Config	32	static
../Core/Src/main.c:781:13:MX_I2S2_Init	8	static
../Core/Src/main.c:815:13:MX_I2S3_Init	8	static
../Core/Src/main.c:849:13:MX_SPI1_Init	8	static
../Core/Src/main.c:887:13:MX_USART2_UART_Init	8	static
../Core/Src/main.c:918:13:MX_DMA_Init	16	static
../Core/Src/main.c:939:13:MX_GPIO_Init	48	static
../Core/Src/main.c:982:6:HAL_I2S_TxHalfCpltCallback	16	static
../Core/Src/main.c:991:6:HAL_I2S_TxCpltCallback	16	static
../Core/Src/main.c:1001:6:HAL_I2S_RxCpltCallback	16	static
../Core/Src/main.c:1006:6:HAL_I2S_RxHalfCpltCallback	16	static
../Core/Src/main.c:1016:6:Error_Handler	4	static,ignoring_inline_asm
